[36mvite v8.0.0 [32mbuilding client environment for production...[36m[39m
[2K
transforming...Γ£ô 1794 modules transformed.
rendering chunks...
computing gzip size...
dist/index.html                   0.97 kB Γöé gzip:   0.53 kB
dist/assets/index-JGSujNvY.css   46.28 kB Γöé gzip:   8.15 kB
dist/assets/index-HGIv6LPV.js   485.75 kB Γöé gzip: 135.73 kB

[32mΓ£ô built in 1.48s[39m
